Γû▓ Next.js 16.2.1 (Turbopack)
- Environments: .env.local
- Experiments (use with caution):
  ┬╖ optimizePackageImports

node.exe : ΓÜá The "middleware" file convention is deprecated. Please use "proxy" instead. Learn more: 
https://nextjs.org/docs/messages/middleware-to-proxy
At line:1 char:1
+ & "C:\Program Files\nodejs/node.exe" "C:\Program Files\nodejs/node_mo ...
+ ~~~~~~~~~~~~~~~~~~~~~~~~~~~~~~~~~~~~~~~~~~~~~~~~~~~~~~~~~~~~~~~~~~~~~
    + CategoryInfo          : NotSpecified: (ΓÜá The "middle...leware-to-proxy:String) [], RemoteException
    + FullyQualifiedErrorId : NativeCommandError
 
  Creating an optimized production build ...
Γ£ô Compiled successfully in 96s
  Running TypeScript ...
Failed to type check.

./src/app/admin/analytics/page.tsx:33:36
Type error: Type 'string' is not assignable to type 'number'.

  [90m31 |[0m
  [90m32 |[0m   [36mreturn[0m (
[31m[1m>[0m [90m33 |[0m     <[33mColumn[0m fillWidth padding=[32m"32"[0m gap=[32m"32"[0m>
  [90m   |[0m                                    [31m[1m^[0m
  [90m34 |[0m       <[33mHeading[0m variant=[32m"display-strong-l"[0m>[33mAnalytics[0m & 
[33mStatistics[0m</[33mHeading[0m>
  [90m35 |[0m
  [90m36 |[0m       <[33mRow[0m gap=[32m"16"[0m s={{ direction: [32m'column'[0m }}>
Next.js build worker exited with code: 1 and signal: null
