src/components/features/dashboard/ContextualSuggestions.tsx(8,3): error TS2305: Module '"@/components/OnceUI"' has no exported member 'Sparkles'.
src/components/features/dashboard/DashboardHeader.tsx(301,19): error TS2322: Type '{ icon: Element; label: string; onClick: () => void; style: { color: string; }; }' is not assignable to type 'IntrinsicAttributes & { icon: ReactNode; label: string; onClick: () => void; }'.
  Property 'style' does not exist on type 'IntrinsicAttributes & { icon: ReactNode; label: string; onClick: () => void; }'.
